2025-03-18T09:05:22.318Z - Starting generation of password reset tokens for 5% of users...
2025-03-18T09:05:22.334Z - Found 200 users in the database
2025-03-18T09:05:22.335Z - passwordResetTokens collection already exists
2025-03-18T09:05:22.336Z - Will create 10 tokens for 200 users (5%)
2025-03-18T09:05:22.337Z - Retrieved 200/200 user keys...
2025-03-18T09:05:22.339Z - Error creating password reset tokens: illegal document key
2025-03-18T09:07:31.632Z - Starting generation of password reset tokens for 5% of users...
2025-03-18T09:07:31.649Z - Found 200 users in the database
2025-03-18T09:07:31.650Z - passwordResetTokens collection already exists
2025-03-18T09:07:31.651Z - Will create 10 tokens for 200 users (5%)
2025-03-18T09:07:31.653Z - Retrieved 200/200 user keys...
2025-03-18T09:07:31.678Z - Created 10/10 password reset tokens...
2025-03-18T09:07:31.678Z - ✅ Successfully created 10 password reset tokens
2025-03-18T09:07:31.680Z - Password reset token statistics:
2025-03-18T09:07:31.680Z - {
  "totalTokens": 10,
  "activeTokens": 6,
  "expiredTokens": 2,
  "usedTokens": 2,
  "usersWithTokens": 10
}
2025-03-18T09:07:31.681Z - Sample tokens:
