2025-04-01 05:42:11 [INFO]: Server is running on port 3000
2025-04-01 05:42:11 [INFO]: API Documentation available at: http://localhost:3000/api-docs
2025-04-01 05:42:11 [INFO]: Available endpoints: /api/user, /api/query, /api/service, /api/analytics, /api/session, /api/service-category, /api/auth, /api/logger, /api/database-operations, /api/admin
2025-04-01 05:42:17 [INFO]: Controller: Fetching system health metrics
2025-04-01 05:42:17 [INFO]: Getting system health metrics
2025-04-01 05:42:18 [INFO]: [0mGET /api/admin/system-health [32m200[0m 722.109 ms - 633[0m
2025-04-01 05:53:44 [INFO]: Controller: Fetching system health metrics
2025-04-01 05:53:44 [INFO]: Getting system health metrics
2025-04-01 05:53:45 [INFO]: [0mGET /api/admin/system-health [32m200[0m 710.496 ms - 633[0m
2025-04-01 05:53:57 [INFO]: Server is running on port 3000
2025-04-01 05:53:57 [INFO]: API Documentation available at: http://localhost:3000/api-docs
2025-04-01 05:53:57 [INFO]: Available endpoints: /api/user, /api/query, /api/service, /api/analytics, /api/session, /api/service-category, /api/auth, /api/logger, /api/database-operations, /api/admin
2025-04-01 05:54:05 [INFO]: Controller: Fetching system health metrics
2025-04-01 05:54:05 [INFO]: Getting system health metrics
2025-04-01 05:54:06 [INFO]: [0mGET /api/admin/system-health [32m200[0m 684.892 ms - 633[0m
2025-04-01 05:54:23 [INFO]: Controller: Fetching system health metrics
2025-04-01 05:54:23 [INFO]: Getting system health metrics
2025-04-01 05:54:23 [INFO]: [0mGET /api/admin/system-health [32m200[0m 685.094 ms - 633[0m
2025-04-01 06:01:59 [INFO]: [0mGET /api/analytics/dashboard?startDate=2025-03-02T17:00:00.000Z&endDate=2025-04-01T16:59:59.999Z&locale=en [32m200[0m 1396.091 ms - 2034[0m
2025-04-01 06:01:59 [INFO]: [0mGET /api/analytics/metric/totalQueries?startDate=2025-03-02T17:00:00.000Z&endDate=2025-04-01T16:59:59.999Z&locale=en [32m200[0m 111.465 ms - 38[0m
2025-04-01 06:02:00 [INFO]: [0mGET /api/analytics/metric/totalQueries?startDate=2025-01-30T17:00:00.000Z&endDate=2025-03-01T16:59:59.999Z&locale=en [36m304[0m 126.320 ms - -[0m
2025-04-01 06:02:00 [INFO]: [0mGET /api/analytics/metric/uniqueUsers?startDate=2025-03-02T17:00:00.000Z&endDate=2025-04-01T16:59:59.999Z&locale=en [32m200[0m 126.107 ms - 36[0m
2025-04-01 06:02:01 [INFO]: [0mGET /api/analytics/metric/uniqueUsers?startDate=2025-01-30T17:00:00.000Z&endDate=2025-03-01T16:59:59.999Z&locale=en [36m304[0m 134.224 ms - -[0m
2025-04-01 06:02:01 [INFO]: [0mGET /api/analytics/metric/averageResponseTime?startDate=2025-03-02T17:00:00.000Z&endDate=2025-04-01T16:59:59.999Z&locale=en [32m200[0m 138.251 ms - 59[0m
2025-04-01 06:02:02 [INFO]: [0mGET /api/analytics/metric/averageResponseTime?startDate=2025-01-30T17:00:00.000Z&endDate=2025-03-01T16:59:59.999Z&locale=en [36m304[0m 141.974 ms - -[0m
2025-04-01 06:02:02 [INFO]: [0mGET /api/analytics/metric/satisfactionRate?startDate=2025-03-02T17:00:00.000Z&endDate=2025-04-01T16:59:59.999Z&locale=en [32m200[0m 104.449 ms - 55[0m
2025-04-01 06:02:03 [INFO]: [0mGET /api/analytics/metric/satisfactionRate?startDate=2025-01-30T17:00:00.000Z&endDate=2025-03-01T16:59:59.999Z&locale=en [36m304[0m 112.506 ms - -[0m
2025-04-01 06:02:05 [INFO]: [0mGET /api/analytics/timeseries/queries?interval=daily&startDate=2025-03-03&endDate=2025-04-01&locale=en [32m200[0m 2197.932 ms - 1266[0m
2025-04-01 06:02:06 [INFO]: [0mGET /api/services/categories?locale=en [36m304[0m 4.374 ms - -[0m
2025-04-01 06:13:27 [INFO]: Controller: Fetching system health metrics
2025-04-01 06:13:27 [INFO]: Getting system health metrics
2025-04-01 06:13:27 [INFO]: [0mGET /api/admin/system-health [32m200[0m 701.384 ms - 639[0m
2025-04-01 06:27:23 [INFO]: Controller: Fetching system health metrics
2025-04-01 06:27:23 [INFO]: Getting system health metrics
2025-04-01 06:27:23 [INFO]: [0mGET /api/admin/system-health [32m200[0m 708.088 ms - 638[0m
2025-04-01 06:27:36 [INFO]: Server is running on port 3000
2025-04-01 06:27:36 [INFO]: API Documentation available at: http://localhost:3000/api-docs
2025-04-01 06:27:36 [INFO]: Available endpoints: /api/user, /api/query, /api/service, /api/analytics, /api/session, /api/service-category, /api/auth, /api/logger, /api/database-operations, /api/admin
2025-04-01 06:27:42 [INFO]: Controller: Fetching system health metrics
2025-04-01 06:27:42 [INFO]: Getting system health metrics
2025-04-01 06:27:42 [INFO]: [0mGET /api/admin/system-health [32m200[0m 732.103 ms - 640[0m
2025-04-01 06:32:51 [INFO]: Accessed root endpoint
2025-04-01 06:32:51 [INFO]: [0mGET / [32m200[0m 1.392 ms - 268[0m
2025-04-01 07:08:37 [INFO]: Server is running on port 3000
2025-04-01 07:08:37 [INFO]: API Documentation available at: http://localhost:3000/api-docs
2025-04-01 07:08:37 [INFO]: Available endpoints: /api/user, /api/query, /api/service, /api/analytics, /api/session, /api/service-category, /api/auth, /api/logger, /api/database-operations, /api/admin
2025-04-01 07:08:52 [INFO]: Controller: Fetching system health metrics
2025-04-01 07:08:52 [INFO]: Getting system health metrics
2025-04-01 07:08:52 [INFO]: [0mGET /api/admin/system-health [32m200[0m 654.381 ms - 639[0m
2025-04-01 07:16:50 [INFO]: Accessed root endpoint
2025-04-01 07:16:50 [INFO]: [0mGET / [32m200[0m 1.232 ms - 268[0m
2025-04-01 08:31:12 [INFO]: Server is running on port 3000
2025-04-01 08:31:12 [INFO]: API Documentation available at: http://localhost:3000/api-docs
2025-04-01 08:31:12 [INFO]: Available endpoints: /api/user, /api/query, /api/service, /api/analytics, /api/session, /api/service-category, /api/auth, /api/logger, /api/database-operations, /api/admin
2025-04-01 08:35:26 [INFO]: Controller: Fetching system health metrics
2025-04-01 08:35:26 [INFO]: Getting system health metrics
2025-04-01 08:35:26 [INFO]: [0mGET /api/admin/system-health [32m200[0m 720.829 ms - 640[0m
